<?xml version="1.0" encoding="utf-8"?><testsuites name="pytest tests"><testsuite name="pytest" errors="0" failures="0" skipped="0" tests="91" time="2.178" timestamp="2026-09-23T00:40:19.378025+02:00" hostname="MAC0569"><testcase classname="test_app.TestTimeConversions" name="test_delta_t_is_plausible" time="0.001" /><testcase classname="test_app.TestTimeConversions" name="test_known_julian_days" time="0.001" /><testcase classname="test_app.TestTimeConversions" name="test_round_trip" time="0.001" /><testcase classname="test_app.TestPositions" name="test_moon_matches_meeus_example_47a" time="0.001" /><testcase classname="test_app.TestPositions" name="test_new_moon_instants" time="0.001" /><testcase classname="test_app.TestPositions" name="test_sun_matches_meeus_example_25a" time="0.001" /><testcase classname="test_app.TestSunEvents" name="test_equinox_day_is_about_twelve_hours" time="0.007" /><testcase classname="test_app.TestSunEvents" name="test_polar_day_and_night" time="0.008" /><testcase classname="test_app.TestSunEvents" name="test_southern_hemisphere_seasons_are_inverted" time="0.012" /><testcase classname="test_app.TestSunEvents" name="test_sunrise_precedes_noon_precedes_sunset" time="0.006" /><testcase classname="test_app.TestEclipses" name="test_dallas_2024" time="0.082" /><testcase classname="test_app.TestEclipses" name="test_eclipse_is_always_above_the_horizon" time="0.617" /><testcase classname="test_app.TestEclipses" name="test_nashville_2017" time="0.072" /><testcase classname="test_app.TestEclipses" name="test_partial_from_krakow" time="0.091" /><testcase classname="test_app.TestEclipses" name="test_result_is_in_the_future" time="0.090" /><testcase classname="test_app.TestEclipses" name="test_reykjavik_2026" time="0.073" /><testcase classname="test_app.TestEclipses" name="test_sydney_2028" time="0.167" /><testcase classname="test_app.TestCoverageGeometry" name="test_annular" time="0.001" /><testcase classname="test_app.TestCoverageGeometry" name="test_no_overlap" time="0.001" /><testcase classname="test_app.TestCoverageGeometry" name="test_partial_half_covered_is_between" time="0.001" /><testcase classname="test_app.TestCoverageGeometry" name="test_total" time="0.001" /><testcase classname="test_app.TestSettings" name="test_add_location_rejects_bad_coordinates" time="0.002" /><testcase classname="test_app.TestSettings" name="test_cannot_delete_the_only_view" time="0.001" /><testcase classname="test_app.TestSettings" name="test_copied_locations_get_fresh_ids" time="0.001" /><testcase classname="test_app.TestSettings" name="test_corrupt_file_does_not_raise" time="0.002" /><testcase classname="test_app.TestSettings" name="test_create_view_sets_default_and_completes_setup" time="0.002" /><testcase classname="test_app.TestSettings" name="test_deleting_default_view_promotes_another" time="0.001" /><testcase classname="test_app.TestSettings" name="test_duplicate_location_is_rejected" time="0.001" /><testcase classname="test_app.TestSettings" name="test_missing_file_gives_unconfigured_defaults" time="0.001" /><testcase classname="test_app.TestSettings" name="test_preferences_are_validated" time="0.001" /><testcase classname="test_app.TestSettings" name="test_save_is_atomic_and_leaves_no_temp_files" time="0.002" /><testcase classname="test_app.TestSettings" name="test_unknown_units_in_file_fall_back_to_defaults" time="0.001" /><testcase classname="test_app.TestFormatting" name="test_clock_formats" time="0.001" /><testcase classname="test_app.TestFormatting" name="test_compass" time="0.001" /><testcase classname="test_app.TestFormatting" name="test_durations" time="0.001" /><testcase classname="test_app.TestFormatting" name="test_location_label_skips_duplicates" time="0.001" /><testcase classname="test_app.TestRoutes" name="test_add_and_remove_location" time="0.111" /><testcase classname="test_app.TestRoutes" name="test_create_view_copying_locations" time="0.004" /><testcase classname="test_app.TestRoutes" name="test_dashboard_renders" time="0.013" /><testcase classname="test_app.TestRoutes" name="test_delete_last_view_is_rejected" time="0.003" /><testcase classname="test_app.TestRoutes" name="test_delete_view_redirects_to_survivor" time="0.005" /><testcase classname="test_app.TestRoutes" name="test_first_visit_redirects_to_setup" time="0.001" /><testcase classname="test_app.TestRoutes" name="test_geocode_endpoint" time="0.001" /><testcase classname="test_app.TestRoutes" name="test_index_redirects_to_default_view" time="0.002" /><testcase classname="test_app.TestRoutes" name="test_mutation_without_csrf_token_is_rejected" time="0.002" /><testcase classname="test_app.TestRoutes" name="test_preferences_round_trip" time="0.004" /><testcase classname="test_app.TestRoutes" name="test_reads_do_not_need_a_csrf_token" time="0.094" /><testcase classname="test_app.TestRoutes" name="test_rename_to_blank_is_rejected" time="0.004" /><testcase classname="test_app.TestRoutes" name="test_rename_view" time="0.004" /><testcase classname="test_app.TestRoutes" name="test_reverse_geocode_validates_input" time="0.001" /><testcase classname="test_app.TestRoutes" name="test_setup_creates_default_view" time="0.003" /><testcase classname="test_app.TestRoutes" name="test_setup_rejects_missing_location" time="0.002" /><testcase classname="test_app.TestRoutes" name="test_twelve_hour_preference_reaches_the_payload" time="0.097" /><testcase classname="test_app.TestRoutes" name="test_unknown_view_is_404" time="0.005" /><testcase classname="test_app.TestRoutes" name="test_weather_endpoint_reports_provider_failure_per_location" time="0.094" /><testcase classname="test_app.TestRoutes" name="test_weather_endpoint_returns_weather_and_eclipse" time="0.095" /><testcase classname="test_app.TestTimedCache" name="test_clear_caches_clears_both_module_caches" time="0.001" /><testcase classname="test_app.TestTimedCache" name="test_clear_empties_the_cache" time="0.001" /><testcase classname="test_app.TestTimedCache" name="test_entry_past_its_ttl_is_dropped" time="0.001" /><testcase classname="test_app.TestTimedCache" name="test_returns_what_was_stored" time="0.001" /><testcase classname="test_app.TestTimedCache" name="test_unknown_key_is_none" time="0.001" /><testcase classname="test_app.TestGetJson" name="test_connection_failure_becomes_a_provider_error" time="0.001" /><testcase classname="test_app.TestGetJson" name="test_error_status_is_reported_with_its_code" time="0.001" /><testcase classname="test_app.TestGetJson" name="test_returns_the_decoded_body" time="0.001" /><testcase classname="test_app.TestGetJson" name="test_sends_a_timeout_and_identifies_itself" time="0.001" /><testcase classname="test_app.TestGetJson" name="test_timeout_becomes_a_provider_error" time="0.001" /><testcase classname="test_app.TestGetJson" name="test_unparseable_body_becomes_a_provider_error" time="0.001" /><testcase classname="test_app.TestFetchWeather" name="test_a_failed_fetch_is_not_cached" time="0.001" /><testcase classname="test_app.TestFetchWeather" name="test_a_response_without_current_conditions_is_an_error" time="0.001" /><testcase classname="test_app.TestFetchWeather" name="test_different_units_are_fetched_separately" time="0.001" /><testcase classname="test_app.TestFetchWeather" name="test_repeated_calls_are_served_from_the_cache" time="0.001" /><testcase classname="test_app.TestFetchWeather" name="test_returns_the_forecast" time="0.001" /><testcase classname="test_app.TestFetchWeather" name="test_units_reach_the_request" time="0.001" /><testcase classname="test_app.TestSearchPlaces" name="test_a_response_without_results_gives_an_empty_list" time="0.001" /><testcase classname="test_app.TestSearchPlaces" name="test_a_short_query_never_hits_the_network" time="0.001" /><testcase classname="test_app.TestSearchPlaces" name="test_maps_the_fields_it_cares_about" time="0.001" /><testcase classname="test_app.TestSearchPlaces" name="test_repeated_queries_are_served_from_the_cache" time="0.001" /><testcase classname="test_app.TestSearchPlaces" name="test_results_without_coordinates_are_skipped" time="0.001" /><testcase classname="test_app.TestReverseGeocode" name="test_falls_back_to_coordinates_when_everything_fails" time="0.001" /><testcase classname="test_app.TestReverseGeocode" name="test_falls_back_to_coordinates_when_open_meteo_has_no_timezone" time="0.001" /><testcase classname="test_app.TestReverseGeocode" name="test_falls_back_to_open_meteo_when_bigdatacloud_fails" time="0.001" /><testcase classname="test_app.TestReverseGeocode" name="test_falls_back_to_open_meteo_when_bigdatacloud_has_no_name" time="0.001" /><testcase classname="test_app.TestReverseGeocode" name="test_falls_back_to_the_locality_then_the_subdivision" time="0.001" /><testcase classname="test_app.TestReverseGeocode" name="test_nearby_coordinates_share_a_cache_entry" time="0.001" /><testcase classname="test_app.TestReverseGeocode" name="test_the_coordinates_are_echoed_back_rounded" time="0.001" /><testcase classname="test_app.TestReverseGeocode" name="test_uses_bigdatacloud_when_it_answers" time="0.001" /><testcase classname="test_app.TestLocateByIp" name="test_a_payload_without_a_latitude_is_reported" time="0.001" /><testcase classname="test_app.TestLocateByIp" name="test_an_error_payload_is_reported" time="0.001" /><testcase classname="test_app.TestLocateByIp" name="test_an_unreachable_service_is_reported" time="0.001" /><testcase classname="test_app.TestLocateByIp" name="test_falls_back_to_the_region_then_a_generic_label" time="0.001" /><testcase classname="test_app.TestLocateByIp" name="test_returns_the_detected_location" time="0.001" /></testsuite></testsuites>